// Jest Snapshot v1, https://goo.gl/fbAQLP

exports[`<Loading /> should render correctly with no props 1`] = `
<div
  className="loading__container"
>
  <Blueprint3.Spinner
    className="loading__spinner"
    size={100}
  />
</div>
`;
